--> initialize
{
  "capabilities": {
    "codeActionProvider": {
      "codeActionKinds": [
        "quickfix"
      ]
    },
    "completionProvider": {
      "triggerCharacters": [
        ".",
        ":",
        "{",
        "(",
        ",",
        "@"
      ]
    },
    "definitionProvider": true,
    "documentFormattingProvider": true,
    "hoverProvider": true,
    "inlayHintProvider": true,
    "positionEncoding": "utf-16",
    "signatureHelpProvider": {
      "triggerCharacters": [
        "(",
        ","
      ]
    },
    "textDocumentSync": {
      "change": 1,
      "openClose": true,
      "save": {
        "includeText": false
      }
    },
    "workspace": {
      "workspaceFolders": {
        "changeNotifications": true,
        "supported": true
      }
    }
  },
  "serverInfo": {
    "name": "sigil",
    "version": "test"
  }
}
--> initialized
--> open payments/production.sigil
<-- diagnostics for file:///workspace/payments/production.sigil (version 1): 0
--> edit payments/production.sigil so it doesn't parse
<-- diagnostics for file:///workspace/payments/production.sigil (version 2): 1
    14:0-14:0 error: expected a field name after `.`, found end of file
--> complete after `service.`
<-- 4 completions
    labels (field) map<string, string> -> "labels" at 13:13-13:13
    name (field) string -> "name" at 13:13-13:13
    owners (field) list<string> -> "owners" at 13:13-13:13
    tier (field) Tier -> "tier" at 13:13-13:13
--> complete the inputs after `when `
<-- 22 completions
    cleared (variable) bool -> "cleared" at 13:5-13:12 (preselected)
    owns_service (variable) bool -> "owns_service" at 13:5-13:12
    freeze.unknown (field) bool -> "freeze.unknown" at 13:5-13:12
    release.hotfix (field) bool -> "release.hotfix" at 13:5-13:12
    all (keyword) -> "all ${1:x} in ${2:actor.teams}: ${3:true}" at 13:5-13:12 (snippet)
    any (keyword) -> "any ${1:x} in ${2:actor.teams}: ${3:true}" at 13:5-13:12 (snippet)
    false (keyword) -> "false" at 13:5-13:12
    not (keyword) -> "not" at 13:5-13:12
    present (keyword) -> "present" at 13:5-13:12
    true (keyword) -> "true" at 13:5-13:12
    unused (variable) int -> "unused" at 13:5-13:12
    actor (variable) Actor -> "actor" at 13:5-13:12
    environment (variable) string -> "environment" at 13:5-13:12
    freeze (variable) Freeze -> "freeze" at 13:5-13:12
    release (variable) Release -> "release" at 13:5-13:12
    service (variable) Service -> "service" at 13:5-13:12
    split (function) fn split(string, string) -> list<string> -> "split(${1:\"\"}, ${2:\"\"})" at 13:5-13:12 (snippet)
    critical (enum value) Tier -> "critical" at 13:5-13:12
    internal (enum value) Tier -> "internal" at 13:5-13:12
    standard (enum value) Tier -> "standard" at 13:5-13:12
    Tier (enum) enum Tier: critical | standard | internal -> "Tier" at 13:5-13:12
    filter (keyword) -> "filter ${1:x} in ${2:actor.teams}: ${3:true}" at 13:5-13:12 (snippet)
--> edit payments/production.sigil to construct decisions
<-- diagnostics for file:///workspace/payments/production.sigil (version 3): 2
    12:15-12:16 error: expected an expression, found `)`
    13:2-13:33 error: decision review needs field "approvers"
      help: review takes reason: service_owner, and approvers: list<string>
--> complete a reason
<-- 4 completions
    change_freeze (enum value) reason of deny -> "change_freeze" at 12:15-12:15
    no_rule_matched (enum value) reason of deny -> "no_rule_matched" at 12:15-12:15
    not_eligible (enum value) reason of deny -> "not_eligible" at 12:15-12:15
    soak_too_short (enum value) reason of deny -> "soak_too_short" at 12:15-12:15
--> complete a payload key
<-- 1 completions
    approvers (field) approvers: list<string> -> "approvers: " at 13:32-13:32
--> complete the tier's values
<-- 19 completions
    critical (enum value) Tier -> "critical" at 11:21-11:29 (preselected)
    internal (enum value) Tier -> "internal" at 11:21-11:29
    standard (enum value) Tier -> "standard" at 11:21-11:29
    cleared (variable) bool -> "cleared" at 11:21-11:29
    owns_service (variable) bool -> "owns_service" at 11:21-11:29
    actor (variable) Actor -> "actor" at 11:21-11:29
    environment (variable) string -> "environment" at 11:21-11:29
    freeze (variable) Freeze -> "freeze" at 11:21-11:29
    release (variable) Release -> "release" at 11:21-11:29
    service (variable) Service -> "service" at 11:21-11:29
    split (function) fn split(string, string) -> list<string> -> "split(${1:\"\"}, ${2:\"\"})" at 11:21-11:29 (snippet)
    Tier (enum) enum Tier: critical | standard | internal -> "Tier" at 11:21-11:29
    all (keyword) -> "all ${1:x} in ${2:actor.teams}: ${3:true}" at 11:21-11:29 (snippet)
    any (keyword) -> "any ${1:x} in ${2:actor.teams}: ${3:true}" at 11:21-11:29 (snippet)
    false (keyword) -> "false" at 11:21-11:29
    filter (keyword) -> "filter ${1:x} in ${2:actor.teams}: ${3:true}" at 11:21-11:29 (snippet)
    not (keyword) -> "not" at 11:21-11:29
    present (keyword) -> "present" at 11:21-11:29
    true (keyword) -> "true" at 11:21-11:29
--> signature help in the review constructor
<-- signature review(reason: service_owner, approvers: list<string>)
     reason: service_owner: The reason, one of the decision's: service_owner.
   * approvers: list<string>: Required.
--> complete the decisions to construct
<-- 7 completions
    approve (constructor) approve takes reason: release_manager | payments_sre, and bake: duration = 1h -> "approve(reason: ${1:release_manager})" at 14:0-14:0 (snippet)
    deny (constructor) deny takes reason: not_eligible | change_freeze | soak_too_short | no_rule_matched -> "deny(reason: ${1:not_eligible})" at 14:0-14:0 (snippet)
    guardrails (module) policy deploy.guardrails -> "guardrails($0)" at 14:0-14:0 (snippet)
    review (constructor) review takes reason: service_owner, and approvers: list<string> -> "review(reason: service_owner, approvers: ${1:[]})" at 14:0-14:0 (snippet)
    assert (keyword) -> "assert(\"${1:reason}\", ${2:true})" at 14:0-14:0 (snippet)
    let (keyword) -> "let ${1:name} = ${2:true}" at 14:0-14:0 (snippet)
    when (keyword) -> "when ${1:true} {\n\t$0\n}" at 14:0-14:0 (snippet)
--> hover over the review constructor
<-- hover at 13:2-13:8
    ```sigil
    decision review {
      reason: service_owner
      approvers: list<string>
    }
    ```
--> hover over the tier field
<-- hover at 11:13-11:17
    ```sigil
    tier: Tier
    ```
    
    A field of `Service`.
    
    ```sigil
    enum Tier: critical | standard | internal
    ```
--> go to the imported let cleared
<-- file:///workspace/deploy/common.sigil at 3:8-3:15
--> go to the invoked policy
<-- file:///workspace/deploy/guardrails.sigil at 0:7-0:24
--> go to the input service
<-- file:///workspace/deploy_approval.sigil at 29:6-29:13
--> edit payments/production.sigil to misspell an input
<-- diagnostics for file:///workspace/payments/production.sigil (version 4): 1
    11:5-11:11 error: unknown name `servce`
      help: did you mean `service`?
--> quick fixes for the misspelled input
<-- 1 code actions
    Change to `service` (quickfix, preferred)
      file:///workspace/payments/production.sigil: replace 11:5-11:11 with "service"
--> edit payments/production.sigil back, unformatted and with a let nothing reads
<-- diagnostics for file:///workspace/payments/production.sigil (version 5): 1
    11:4-11:10 warning unused-let: let unused is never read
      help: remove the let, or read it; a private let can't be imported
--> inlay hints of payments/production.sigil
<-- 1 inlay hints
    ": int" at 11:10
--> format payments/production.sigil
<-- 1 edits
    replace 0:0-12:0 with
    policy payments.production: DeployApproval@2
    
    use deploy.common.{cleared, owns_service}
    use deploy.guardrails
    
    guardrails(min_soak: 4h)
    
    when cleared and owns_service {
      review(reason: service_owner, approvers: ["payments-leads"])
    }
    
    let unused = 1
--> close payments/production.sigil
<-- diagnostics for file:///workspace/payments/production.sigil: 0
--> shutdown
<-- null
--> exit
