$ sigil compile --out $TMP/gates --config policies/sigil.yaml policies
--- stderr
Error: the bundle needs host functions this binary doesn't implement, so nothing was compiled: DeployApproval@2 declares split

What you can do
  • build a host binary with cli.Main(cli.WithKind(...)) from the pkg/cli package, which links the kind and its functions in, and compile with its compile command
  • or name a policy of a kind without host functions with --policy, which compiles in only that policy and what it uses
--- exit status 1
