$ gates version -o json
{"version":"v0.0.0-e2e","commit":"unknown","commitTime":"unknown","dirty":false,"goVersion":"<build>","platform":"<build>","bundle":{"digest":"sha256:<digest>","kinds":["AccessGrant@1","DeployApproval@1"],"files":10,"require":[{"policy":"deploy.guardrails","roots":["payments.*","checkout.*"]},{"policy":"access.guardrails","roots":["access.main"]}],"compiledBy":"v0.0.0-e2e","built":"2026-01-01T00:00:00Z"}}
