$ shop version
Version:     v0.0.0-e2e
Commit:      unknown
Commit time: unknown
Go version:  <build>
Platform:    <build>

Bundle:      sha256:79e452bf54af2c649bdf5d1849a69a683162ef4273d45fcc25d527bd7eb90634
Root policy: shop.refunds
Kinds:       Refund@1
Files:       3
Requires:    refunds.guardrails for *.refunds
Compiled by: v0.0.0-e2e
Built:       2026-01-01T00:00:00Z
