{"version":"1.2.3","commit":"abc123def456","commitTime":"2026-01-02T03:04:05Z","dirty":true,"goVersion":"go1.26.6","platform":"linux/arm64","bundle":{"digest":"sha256:f5332d97dd6dc085691cb1f005570ed0f329053b770f3af259fcd7b259ab1f30","root":"payments.production","kinds":["Deploy@1"],"files":4,"require":[{"policy":"deploy.guardrails","roots":["payments.*","checkout.*"]}],"compiledBy":"1.2.0","built":"2026-09-30T12:00:00Z"}}
