testdata/kinds/invalid.sigil:3:34: error: enum Tier: value "standard" is declared twice
  |
3 | enum Tier: critical | standard | standard
  |                                  ^^^^^^^^
  = help: declare each value once

✗ checked 3 files, 1 error
--- error ---
check found 1 error
advice: each diagnostic above says where the problem is and how to fix it
advice: fix the kind file, or regenerate it from the host's Schema(); `sigil fmt --write` rewrites the old decision syntax
