testdata/lints/deploy/guardrails.sigil:3:1: warning: selective import of deploy.common [qualified-imports]
  |
3 | use deploy.common.{eligible}
  | ^^^^^^^^^^^^^^^^^^^^^^^^^^^^
  = help: import the whole document, `use deploy.common`, and qualify each name, `common.eligible`

testdata/lints/deploy/production.sigil:3:1: warning: selective import of deploy.common [qualified-imports]
  |
3 | use deploy.common.{cleared, owns_service}
  | ^^^^^^^^^^^^^^^^^^^^^^^^^^^^^^^^^^^^^^^^^
  = help: import the whole document, `use deploy.common`, and qualify each name, `common.cleared`

testdata/lints/teams/payments.sigil:5:1: warning: selective import of deploy.common [qualified-imports]
  |
5 | use deploy.common.{cleared, eligible}
  | ^^^^^^^^^^^^^^^^^^^^^^^^^^^^^^^^^^^^^
  = help: import the whole document, `use deploy.common`, and qualify each name, `common.cleared`

testdata/lints/teams/payments.sigil:5:29: warning: eligible is imported from deploy.common but never used [unused-import]
  |
5 | use deploy.common.{cleared, eligible}
  |                             ^^^^^^^^
  = help: remove it from the import list

testdata/lints/teams/payments.sigil:11:3: warning: deploy.guardrails holds asserts and is invoked under `when` [gated-assert]
   |
11 |   guardrails()
   |   ^^^^^^^^^^^^
   = help: its asserts only run while the condition holds; invoke it at the top level, or have the host require it

testdata/lints/teams/payments.sigil:11:3: error: deploy.guardrails holds deny rules and is invoked under `when` [gated-deny]
   |
11 |   guardrails()
   |   ^^^^^^^^^^^^
   = help: its deny rules only fire while the condition holds; invoke it at the top level, or have the host require it

testdata/lints/teams/payments.sigil:16:1: warning: deploy.production is invoked twice with the same arguments [duplicate-invocation]
   |
16 | production(approvers: ["a", "b"])
   | ^^^^^^^^^^^^^^^^^^^^^^^^^^^^^^^^^
   = help: the first is on line 14; every rule it holds already fires once, so remove one, or change its arguments

✗ checked 5 files, 1 error and 6 warnings
--- error ---
check found 1 error and 6 warnings
advice: each diagnostic above says where the problem is and how to fix it
