testdata/scope/other/c.sigil:3:5 (scope.c): error: unknown document `scope.missing`
  |
3 | use scope.missing
  |     ^^^^^^^^^^^^^
  = help: `use` names a policy or module by the name in its header, wherever its file is

✗ checked 5 files, 1 error
--- error ---
check found 1 error
advice: each diagnostic above says where the problem is and how to fix it
