--- error ---
testdata/broken/main.sigil:3:11 (access.broken): error: unknown field "nmae" on type User
  |
3 | when user.nmae == "x" {
  |           ^^^^
  = help: did you mean "name"? User declares: name, teams, admin, expires

the bundle doesn't check, so no test ran
advice: fix the errors above; sigil check reports every problem in a bundle at once
