--- FAIL: testdata/failing/main_test.yaml:3: wrong reason
      got allow(admin), want allow(team_member)
--- FAIL: testdata/failing/main_test.yaml:9: wrong payload
      payload ttl = 8h, want 1h
--- FAIL: testdata/failing/main_test.yaml:17: vault needs the owner function
      got a runtime error (testdata/access/main.sigil:21:30: host function owner failed: no implementation in this sigil binary; build a host binary with owner linked in (see sigil's pkg/cli)), want allow(team_member)
--- FAIL: testdata/failing/main_test.yaml:24: typo in the input
      input user.amdin: unknown field "amdin" on type User (did you mean "admin"? declared: name, teams, admin, expires)
--- FAIL: testdata/failing/main_test.yaml:30: expected an assert
      got deny(no_rule_matched), want failing asserts named_user
FAIL  testdata/failing/main_test.yaml  5 of 5 cases failed
--- error ---
5 of 5 test cases failed
advice: each failure above says what the policy decided and what the case expected, or why the file couldn't run
