[
  {
    "file": "testdata/failing/main_test.yaml",
    "policy": "access.main",
    "cases": [
      {
        "name": "wrong reason",
        "failures": [
          "got allow(reason: admin), want allow(reason: team_member)"
        ],
        "line": 3,
        "passed": false
      },
      {
        "name": "wrong payload",
        "failures": [
          "payload ttl = 8h, want 1h"
        ],
        "line": 9,
        "passed": false
      },
      {
        "name": "vault needs the owner function",
        "failures": [
          "got a runtime error (testdata/access/main.sigil:21:30: host function owner failed: no implementation in this sigil binary), want allow(reason: team_member)"
        ],
        "line": 17,
        "passed": false
      },
      {
        "name": "typo in the input",
        "error": "input user.amdin: unknown field \"amdin\" on type User (did you mean \"admin\"? declared: name, teams, admin, expires)",
        "line": 24,
        "passed": false
      },
      {
        "name": "expected an assert",
        "failures": [
          "got deny(reason: no_rule_matched), want failing asserts named_user"
        ],
        "line": 30,
        "passed": false
      }
    ]
  }
]
--- error ---
5 of 5 test cases failed
advice: each failure above says what the policy decided and what the case expected, or why the file couldn't run
