--- PASS: testdata/access/main_test.yaml:3: admins get eight hours
--- PASS: testdata/access/main_test.yaml:12: platform members get the default ttl
--- PASS: testdata/access/main_test.yaml:19: old requests are denied
--- PASS: testdata/access/main_test.yaml:26: nobody gets the default
--- PASS: testdata/access/main_test.yaml:33: an unnamed user fails the assert
ok    testdata/access/main_test.yaml  5 cases
--- ok ---
