--- error ---
<stdin>:3:6 (compile.broken): error: unknown name `nobody`
  |
3 | when nobody {
  |      ^^^^^^
  = help: names come from the kind's inputs, host functions, decisions and enum values, and the document's params, lets and imports

the bundle doesn't check, so nothing was compiled
advice: each diagnostic above says where the problem is and how to fix it
