[
  {
    "severity": "error",
    "file": "\u003cstdin\u003e",
    "document": "compile.broken",
    "message": "unknown name `nobody`",
    "help": "names come from the kind's inputs, host functions, decisions and enum values, and the document's params, lets and imports",
    "line": 3,
    "column": 6
  }
]
--- error ---
the bundle doesn't check, so nothing was compiled
advice: each diagnostic above says where the problem is and how to fix it
