kind Gate version 1 [4:1-27:33]
  type Merge { [6:1-8:2]
    conflict: bool
  }
  input conflict: Merge [10:1-10:22]
  decision deny { conflict conflicting_rules no_rule_matched } [12:1-16:2]
  decision allow(ttl: duration = 1h) { owner } [18:1-20:2]
  collect one [22:1-22:12]
  precedence deny > allow [23:1-23:24]
  default deny(no_rule_matched) [25:1-25:30]
  conflict deny(conflicting_rules) [27:1-27:33]
---
kind Joined version 1 [33:1-33:148]
  decision allow(ttl: duration = 1h) { owner } [33:23-33:67]
  collect one [33:68-33:79]
  precedence allow [33:80-33:96]
  default allow(owner) [33:97-33:117]
  conflict allow(owner, ttl: 0s) [33:118-33:148]
---
policy gate.main: Gate@1 [37:1-41:2]
  when conflict.conflict { [39:1-41:2]
    deny(conflict) [40:3-40:17]
  }
