kind DeployApproval version 1 [2:1-52:30]
  type Release { [4:1-7:2]
    soak: duration
    hotfix: bool
  }
  type Service { [8:1-13:2]
    name: string
    tier: string
    owners: list<string>
    labels: map<string, string>
  }
  type Actor { [14:1-19:2]
    name: string
    teams: list<string>
    roles: list<string>
    regions: list<string>
  }
  input release: Release [21:1-21:23]
  input service: Service [22:1-22:23]
  input actor: Actor [23:1-23:19]
  input environment: string [24:1-24:26]
  fn split(string, string) -> list<string> [26:1-26:41]
  decision deny { no_rule_matched tmp chain paren unclosed not_eligible soak_too_short no_rules_in_modules } [28:1-37:2]
  decision review(approvers: list<string>) { cluster_access owner service_owner } [38:1-42:2]
  decision approve(bake: duration = 1h) { fine payments_sre release_manager } [43:1-47:2]
  collect one [49:1-49:12]
  precedence deny > review > approve [50:1-50:35]
  precedence approve: release_manager > payments_sre > fine [51:1-51:58]
  default deny(no_rule_matched) [52:1-52:30]
