kind Broken version 1 [1:1-14:38]
  decision deny { [3:1-5:2]
    reason: conflicting_rules | no_rule_matched
  }
  conflict deny(reason: conflicting_rules) [9:1-9:41]
  default deny(reason: no_rule_matched) [14:1-14:38]
---
kind Reserved version 1 [23:1-23:24]

== diagnostics ==

errors_conflict.sigil:9:1: error: expected `one` or `all`, found `conflict`
  |
9 | conflict deny(reason: conflicting_rules)
  | ^^^^^^^^
  = help: `collect one` returns the highest-ranked decision, `collect all` every decision that fired

errors_conflict.sigil:11:1: error: expected a declaration (`type`, `enum`, `input`, `fn`, `decision`, `precedence`, `exclusive`, `collect`, `default` or `conflict`), found `conflit`
   |
11 | conflit deny(reason: conflicting_rules)
   | ^^^^^^^

errors_conflict.sigil:13:10: error: expected a decision constructor, found `deny`
   |
13 | conflict deny
   |          ^^^^
   = help: the conflict outcome is written `conflict deny(reason: conflicting_rules)`

errors_conflict.sigil:16:10: error: expected a decision constructor, found `"conflicting_rules"`
   |
16 | conflict "conflicting_rules"
   |          ^^^^^^^^^^^^^^^^^^^
   = help: the conflict outcome is written `conflict deny(reason: conflicting_rules)`

errors_conflict.sigil:18:9: error: expected a decision constructor, found `(`
   |
18 | conflict(reason: conflicting_rules)
   |         ^
   = help: the conflict outcome is written `conflict deny(reason: conflicting_rules)`

errors_conflict.sigil:25:7: error: expected a name after `input`, found `conflict`
   |
25 | input conflict: bool
   |       ^^^^^^^^
   = help: an input is written `input name: type`

errors_conflict.sigil:25:15: error: expected a decision constructor, found `:`
   |
25 | input conflict: bool
   |               ^
   = help: the conflict outcome is written `conflict deny(reason: conflicting_rules)`

errors_conflict.sigil:28:11: error: expected a reason, found `conflict`
   |
28 |   reason: conflict | no_rule_matched
   |           ^^^^^^^^
   = help: the reasons are listed inline, like `reason: not_eligible | soak_too_short`

errors_conflict.sigil:28:20: error: expected a decision constructor, found `|`
   |
28 |   reason: conflict | no_rule_matched
   |                    ^
   = help: the conflict outcome is written `conflict deny(reason: conflicting_rules)`
