kind Broken version 1 [1:1-15:30]
  decision deny { conflicting_rules no_rule_matched } [3:1-6:2]
  conflict deny(conflicting_rules) [10:1-10:33]
  default deny(no_rule_matched) [15:1-15:30]

== diagnostics ==

errors_conflict.sigil:10:1: error: expected `one` or `all`, found `conflict`
   |
10 | conflict deny(conflicting_rules)
   | ^^^^^^^^
   = help: `collect one` returns the highest-ranked decision, `collect all` every decision that fired

errors_conflict.sigil:12:1: error: expected a declaration (`type`, `input`, `fn`, `decision`, `precedence`, `exclusive`, `collect`, `default` or `conflict`), found `conflit`
   |
12 | conflit deny(conflicting_rules)
   | ^^^^^^^

errors_conflict.sigil:14:10: error: expected a decision constructor, found `deny`
   |
14 | conflict deny
   |          ^^^^
   = help: the conflict outcome is written `conflict deny(conflicting_rules)`

errors_conflict.sigil:17:10: error: expected a decision constructor, found `"conflicting_rules"`
   |
17 | conflict "conflicting_rules"
   |          ^^^^^^^^^^^^^^^^^^^
   = help: the conflict outcome is written `conflict deny(conflicting_rules)`

errors_conflict.sigil:19:9: error: expected a decision constructor, found `(`
   |
19 | conflict(conflicting_rules)
   |         ^
   = help: the conflict outcome is written `conflict deny(conflicting_rules)`
