kind Shapes version 2 [1:1-20:22]
  type Nested { [3:1-8:2]
    matrix: list<list<string>>
    lookup: map<string, list<int>>
    maybe: ?string
    deep: map<string, map<string, ?Nested>>
  }
  input nested: Nested [10:1-10:21]
  input flag: bool [11:1-11:17]
  fn keys(map<string, string>) -> list<string> [13:1-13:46]
  fn now() -> timestamp [14:1-14:22]
  decision allow(reason: string, weights: map<string, int> = {}, tags: list<string> = []) [16:1-16:89]
  collect one [18:1-18:12]
  precedence allow [19:1-19:17]
  default allow("none") [20:1-20:22]
---
policy shapes.demo: Shapes [24:1-34:2]
  param m: map<string, int> = {} [26:1-26:30]
  param names: list<string> = ["a"] [27:1-27:33]
  param nested: list<list<string>> = [["a"], []] [28:1-28:47]
  param limit: int = (-3) [29:1-29:22]
  param timeout: duration = (1h + 30m) [30:1-30:35]
  when flag { [32:1-34:2]
    allow("ok", weights: m, tags: names) [33:3-33:40]
  }
