kind Shapes version 2 [1:1-23:20]
  type Nested { [3:1-8:2]
    matrix: list<list<string>>
    lookup: map<string, list<int>>
    maybe: ?string
    deep: map<string, map<string, ?Nested>>
  }
  input nested: Nested [10:1-10:21]
  input flag: bool [11:1-11:17]
  fn keys(map<string, string>) -> list<string> [13:1-13:46]
  fn now() -> timestamp [14:1-14:22]
  decision allow(weights: map<string, int> = {}, tags: list<string> = []) { none ok } [16:1-19:2]
  collect one [21:1-21:12]
  precedence allow [22:1-22:17]
  default allow(none) [23:1-23:20]
---
policy shapes.demo: Shapes@1 [27:1-37:2]
  param m: map<string, int> = {} [29:1-29:30]
  param names: list<string> = ["a"] [30:1-30:33]
  param nested: list<list<string>> = [["a"], []] [31:1-31:47]
  param limit: int = (-3) [32:1-32:22]
  param timeout: duration = (1h + 30m) [33:1-33:35]
  when flag { [35:1-37:2]
    allow(ok, weights: m, tags: names) [36:3-36:38]
  }
