warn unused-import (team.main)
team.sigil:8:26 (team.main): warning: is_critical is imported from deploy.common but never used [unused-import]
  |
8 | use deploy.common.{owns, is_critical}
  |                          ^^^^^^^^^^^
  = help: remove it from the import list

warn unused-import (team.main)
team.sigil:10:30 (team.main): warning: urgent is imported from deploy.common but never used [unused-import]
   |
10 | use deploy.common.{hotfix as urgent}
   |                              ^^^^^^
   = help: remove it from the import list

warn unused-import (team.unused)
unused.sigil:4:1 (team.unused): warning: deploy.common is imported but never used [unused-import]
  |
4 | use deploy.common
  | ^^^^^^^^^^^^^^^^^
  = help: remove the import, or use what it binds

warn unused-import (team.unused)
unused.sigil:5:1 (team.unused): warning: deploy.production is imported but never used [unused-import]
  |
5 | use deploy.production
  | ^^^^^^^^^^^^^^^^^^^^^
  = help: remove the import, or use what it binds
