>kind Access version 1
#^^^^ source.sigil keyword.other.sigil
#    ^ source.sigil
#     ^^^^^^ source.sigil entity.name.type.sigil
#           ^ source.sigil
#            ^^^^^^^ source.sigil keyword.other.sigil
#                   ^ source.sigil
#                    ^ source.sigil constant.numeric.sigil
>
>input user: string
#^^^^^ source.sigil keyword.other.sigil
#     ^ source.sigil
#      ^^^^ source.sigil variable.other.definition.sigil
#          ^ source.sigil punctuation.separator.colon.sigil
#           ^ source.sigil
#            ^^^^^^ source.sigil support.type.sigil
>
>decision deny {
#^^^^^^^^ source.sigil keyword.other.sigil
#        ^ source.sigil
#         ^^^^ source.sigil entity.name.function.sigil
#             ^ source.sigil
#              ^ source.sigil punctuation.section.braces.begin.sigil
>  reason: no_rule_matched | nobody
#^^ source.sigil
#  ^^^^^^ source.sigil keyword.other.sigil
#        ^ source.sigil punctuation.separator.colon.sigil
#         ^ source.sigil
#          ^^^^^^^^^^^^^^^ source.sigil constant.other.enum.sigil
#                         ^ source.sigil
#                          ^ source.sigil punctuation.separator.pipe.sigil
#                           ^ source.sigil
#                            ^^^^^^ source.sigil constant.other.enum.sigil
>}
#^ source.sigil punctuation.section.braces.end.sigil
>
>decision allow {
#^^^^^^^^ source.sigil keyword.other.sigil
#        ^ source.sigil
#         ^^^^^ source.sigil entity.name.function.sigil
#              ^ source.sigil
#               ^ source.sigil punctuation.section.braces.begin.sigil
>  reason: admin
#^^ source.sigil
#  ^^^^^^ source.sigil keyword.other.sigil
#        ^ source.sigil punctuation.separator.colon.sigil
#         ^ source.sigil
#          ^^^^^ source.sigil constant.other.enum.sigil
>}
#^ source.sigil punctuation.section.braces.end.sigil
>
>collect one
#^^^^^^^ source.sigil keyword.other.sigil
#       ^ source.sigil
#        ^^^ source.sigil keyword.other.sigil
>precedence deny > allow
#^^^^^^^^^^ source.sigil keyword.other.sigil
#          ^^^^^^ source.sigil
#                ^ source.sigil keyword.operator.sigil
#                 ^^^^^^^ source.sigil
>
>default deny(reason: no_rule_matched)
#^^^^^^^ source.sigil keyword.other.sigil
#       ^ source.sigil
#        ^^^^ source.sigil entity.name.function.sigil
#            ^ source.sigil punctuation.section.parens.begin.sigil
#             ^^^^^^ source.sigil variable.parameter.sigil
#                   ^ source.sigil punctuation.separator.colon.sigil
#                    ^^^^^^^^^^^^^^^^ source.sigil
#                                    ^ source.sigil punctuation.section.parens.end.sigil
>
>---
#^^^^ source.sigil punctuation.separator.document.sigil
>
>policy access.main: Access@1
#^^^^^^ source.sigil keyword.other.sigil
#      ^ source.sigil
#       ^^^^^^^^^^^ source.sigil entity.name.namespace.sigil
#                  ^ source.sigil punctuation.separator.colon.sigil
#                   ^ source.sigil
#                    ^^^^^^ source.sigil entity.name.type.sigil
#                          ^ source.sigil punctuation.separator.version.sigil
#                           ^ source.sigil constant.numeric.sigil
>
>when user == "" {
#^^^^ source.sigil keyword.control.sigil
#    ^^^^^^ source.sigil
#          ^^ source.sigil keyword.operator.sigil
#            ^ source.sigil
#             ^ source.sigil string.quoted.double.sigil punctuation.definition.string.begin.sigil
#              ^ source.sigil string.quoted.double.sigil punctuation.definition.string.end.sigil
#               ^^^ source.sigil
>  deny(reason: nobody)
#^^ source.sigil
#  ^^^^ source.sigil entity.name.function.sigil
#      ^ source.sigil punctuation.section.parens.begin.sigil
#       ^^^^^^ source.sigil variable.parameter.sigil
#             ^ source.sigil punctuation.separator.colon.sigil
#              ^^^^^^^ source.sigil
#                     ^ source.sigil punctuation.section.parens.end.sigil
>}
#^^ source.sigil
>
>when user == "root" {
#^^^^ source.sigil keyword.control.sigil
#    ^^^^^^ source.sigil
#          ^^ source.sigil keyword.operator.sigil
#            ^ source.sigil
#             ^ source.sigil string.quoted.double.sigil punctuation.definition.string.begin.sigil
#              ^^^^ source.sigil string.quoted.double.sigil
#                  ^ source.sigil string.quoted.double.sigil punctuation.definition.string.end.sigil
#                   ^^^ source.sigil
>  allow(reason: admin)
#^^ source.sigil
#  ^^^^^ source.sigil entity.name.function.sigil
#       ^ source.sigil punctuation.section.parens.begin.sigil
#        ^^^^^^ source.sigil variable.parameter.sigil
#              ^ source.sigil punctuation.separator.colon.sigil
#               ^^^^^^ source.sigil
#                     ^ source.sigil punctuation.section.parens.end.sigil
>}
#^^ source.sigil
>