>module deploy.common: DeployApproval@1
#^^^^^^ source.sigil keyword.other.sigil
#      ^ source.sigil
#       ^^^^^^^^^^^^^ source.sigil entity.name.namespace.sigil
#                    ^ source.sigil punctuation.separator.colon.sigil
#                     ^ source.sigil
#                      ^^^^^^^^^^^^^^ source.sigil entity.name.type.sigil
#                                    ^ source.sigil punctuation.separator.version.sigil
#                                     ^ source.sigil constant.numeric.sigil
>
>pub let owns_service = actor.teams any in service.owners
#^^^ source.sigil keyword.other.sigil
#   ^ source.sigil
#    ^^^ source.sigil keyword.other.sigil
#       ^ source.sigil
#        ^^^^^^^^^^^^ source.sigil variable.other.definition.sigil
#                    ^ source.sigil
#                     ^ source.sigil keyword.operator.assignment.sigil
#                      ^^^^^^ source.sigil
#                            ^ source.sigil punctuation.accessor.sigil
#                             ^^^^^ source.sigil variable.other.property.sigil
#                                  ^ source.sigil
#                                   ^^^ source.sigil keyword.operator.word.sigil
#                                      ^ source.sigil
#                                       ^^ source.sigil keyword.operator.word.sigil
#                                         ^^^^^^^^ source.sigil
#                                                 ^ source.sigil punctuation.accessor.sigil
#                                                  ^^^^^^ source.sigil variable.other.property.sigil
>pub let cleared =
#^^^ source.sigil keyword.other.sigil
#   ^ source.sigil
#    ^^^ source.sigil keyword.other.sigil
#       ^ source.sigil
#        ^^^^^^^ source.sigil variable.other.definition.sigil
#               ^ source.sigil
#                ^ source.sigil keyword.operator.assignment.sigil
>  split(service.labels["regions"], ",") all in actor.regions
#^^ source.sigil
#  ^^^^^ source.sigil entity.name.function.sigil
#       ^ source.sigil punctuation.section.parens.begin.sigil
#        ^^^^^^^ source.sigil
#               ^ source.sigil punctuation.accessor.sigil
#                ^^^^^^ source.sigil variable.other.property.sigil
#                      ^ source.sigil
#                       ^ source.sigil string.quoted.double.sigil punctuation.definition.string.begin.sigil
#                        ^^^^^^^ source.sigil string.quoted.double.sigil
#                               ^ source.sigil string.quoted.double.sigil punctuation.definition.string.end.sigil
#                                ^ source.sigil
#                                 ^ source.sigil punctuation.separator.comma.sigil
#                                  ^ source.sigil
#                                   ^ source.sigil string.quoted.double.sigil punctuation.definition.string.begin.sigil
#                                    ^ source.sigil string.quoted.double.sigil
#                                     ^ source.sigil string.quoted.double.sigil punctuation.definition.string.end.sigil
#                                      ^ source.sigil punctuation.section.parens.end.sigil
#                                       ^ source.sigil
#                                        ^^^ source.sigil keyword.operator.word.sigil
#                                           ^ source.sigil
#                                            ^^ source.sigil keyword.operator.word.sigil
#                                              ^^^^^^ source.sigil
#                                                    ^ source.sigil punctuation.accessor.sigil
#                                                     ^^^^^^^ source.sigil variable.other.property.sigil
>pub let eligible =
#^^^ source.sigil keyword.other.sigil
#   ^ source.sigil
#    ^^^ source.sigil keyword.other.sigil
#       ^ source.sigil
#        ^^^^^^^^ source.sigil variable.other.definition.sigil
#                ^ source.sigil
#                 ^ source.sigil keyword.operator.assignment.sigil
>  "deployer" in actor.roles
#^^ source.sigil
#  ^ source.sigil string.quoted.double.sigil punctuation.definition.string.begin.sigil
#   ^^^^^^^^ source.sigil string.quoted.double.sigil
#           ^ source.sigil string.quoted.double.sigil punctuation.definition.string.end.sigil
#            ^ source.sigil
#             ^^ source.sigil keyword.operator.word.sigil
#               ^^^^^^ source.sigil
#                     ^ source.sigil punctuation.accessor.sigil
#                      ^^^^^ source.sigil variable.other.property.sigil
>  and environment == "production"
#^^ source.sigil
#  ^^^ source.sigil keyword.operator.word.sigil
#     ^^^^^^^^^^^^^ source.sigil
#                  ^^ source.sigil keyword.operator.sigil
#                    ^ source.sigil
#                     ^ source.sigil string.quoted.double.sigil punctuation.definition.string.begin.sigil
#                      ^^^^^^^^^^ source.sigil string.quoted.double.sigil
#                                ^ source.sigil string.quoted.double.sigil punctuation.definition.string.end.sigil
>  and service.labels has {
#^^ source.sigil
#  ^^^ source.sigil keyword.operator.word.sigil
#     ^^^^^^^^ source.sigil
#             ^ source.sigil punctuation.accessor.sigil
#              ^^^^^^ source.sigil variable.other.property.sigil
#                    ^ source.sigil
#                     ^^^ source.sigil keyword.operator.word.sigil
#                        ^^^ source.sigil
>    "app.kubernetes.io/managed-by": "argocd",
#^^^^ source.sigil
#    ^ source.sigil string.quoted.double.sigil punctuation.definition.string.begin.sigil
#     ^^^^^^^^^^^^^^^^^^^^^^^^^^^^ source.sigil string.quoted.double.sigil
#                                 ^ source.sigil string.quoted.double.sigil punctuation.definition.string.end.sigil
#                                  ^ source.sigil punctuation.separator.colon.sigil
#                                   ^ source.sigil
#                                    ^ source.sigil string.quoted.double.sigil punctuation.definition.string.begin.sigil
#                                     ^^^^^^ source.sigil string.quoted.double.sigil
#                                           ^ source.sigil string.quoted.double.sigil punctuation.definition.string.end.sigil
#                                            ^ source.sigil punctuation.separator.comma.sigil
>    "platform.example.com/lifecycle": "ga",
#^^^^ source.sigil
#    ^ source.sigil string.quoted.double.sigil punctuation.definition.string.begin.sigil
#     ^^^^^^^^^^^^^^^^^^^^^^^^^^^^^^ source.sigil string.quoted.double.sigil
#                                   ^ source.sigil string.quoted.double.sigil punctuation.definition.string.end.sigil
#                                    ^ source.sigil punctuation.separator.colon.sigil
#                                     ^ source.sigil
#                                      ^ source.sigil string.quoted.double.sigil punctuation.definition.string.begin.sigil
#                                       ^^ source.sigil string.quoted.double.sigil
#                                         ^ source.sigil string.quoted.double.sigil punctuation.definition.string.end.sigil
#                                          ^ source.sigil punctuation.separator.comma.sigil
>  }
#^^^^ source.sigil
>