== compile access.engineering ==
ok

== an engineer ==
outcome
  read     engineering_member (none)

candidates
  read     engineering_member 6:3 (access.engineering)
           "engineering" in actor.teams

== nobody gets the default ==
outcome
  read     everyone           (none)

candidates
  (none)

== an assert failure hides the default ==
outcome
  (none)
error     assertion "sod_read_admin" failed at 18:1 (access.engineering)
          sod_read_admin: read engineering_member at 6:3 (access.engineering)
          sod_read_admin: write platform_member at 10:3 (access.engineering)
          sod_read_admin: admin platform_member at 11:3 (access.engineering) {ttl: 1h0m0s}

candidates
  read     engineering_member 6:3 (access.engineering)
           "engineering" in actor.teams
  write    platform_member    10:3 (access.engineering)
           "platform" in actor.teams
  admin    platform_member    11:3 (access.engineering)  ttl: 1h0m0s
           "platform" in actor.teams
